The system is: Linux - 5.15.148-tegra - aarch64
Compiling the C compiler identification source file "CMakeCCompilerId.c" succeeded.
Compiler: /usr/bin/clang-22 
Build flags: 
Id flags:  

The output was:
0
clang-22: warning: future releases of the clang compiler will prefer GCC installations containing libstdc++ include directories; '/usr/lib/gcc/aarch64-linux-gnu/11' would be chosen over '/usr/lib/gcc/aarch64-linux-gnu/12' [-Wgcc-install-dir-libstdcxx]


Compilation of the C compiler identification source "CMakeCCompilerId.c" produced "a.out"

The C compiler identification is Clang, found in "/home/damus/Projects/dispersion/build/CMakeFiles/3.22.1/CompilerIdC/a.out"

Detecting C compiler ABI info compiled with the following output:
Change Dir: /home/damus/Projects/dispersion/build/CMakeFiles/CMakeTmp

Run Build Command(s):/usr/bin/gmake -f Makefile cmTC_211e0/fast && /usr/bin/gmake  -f CMakeFiles/cmTC_211e0.dir/build.make CMakeFiles/cmTC_211e0.dir/build
gmake[1]: Entering directory '/home/damus/Projects/dispersion/build/CMakeFiles/CMakeTmp'
Building C object CMakeFiles/cmTC_211e0.dir/CMakeCCompilerABI.c.o
/usr/bin/clang-22   -v -MD -MT CMakeFiles/cmTC_211e0.dir/CMakeCCompilerABI.c.o -MF CMakeFiles/cmTC_211e0.dir/CMakeCCompilerABI.c.o.d -o CMakeFiles/cmTC_211e0.dir/CMakeCCompilerABI.c.o -c /usr/share/cmake-3.22/Modules/CMakeCCompilerABI.c
clang-22: warning: future releases of the clang compiler will prefer GCC installations containing libstdc++ include directories; '/usr/lib/gcc/aarch64-linux-gnu/11' would be chosen over '/usr/lib/gcc/aarch64-linux-gnu/12' [-Wgcc-install-dir-libstdcxx]
Ubuntu clang version 22.1.3 (++20260331093625+dc9d64aad7a9-1~exp1~20260331093737.59)
Target: aarch64-unknown-linux-gnu
Thread model: posix
InstalledDir: /usr/lib/llvm-22/bin
Found candidate GCC installation: /usr/lib/gcc/aarch64-linux-gnu/11
Found candidate GCC installation: /usr/lib/gcc/aarch64-linux-gnu/12
Selected GCC installation: /usr/lib/gcc/aarch64-linux-gnu/12
Candidate multilib: .;@m64
Selected multilib: .;@m64
Found CUDA installation: /usr/local/cuda, version 12.6
 (in-process)
 "/usr/lib/llvm-22/bin/clang" -cc1 -triple aarch64-unknown-linux-gnu -emit-obj -disable-free -clear-ast-before-backend -disable-llvm-verifier -discard-value-names -main-file-name CMakeCCompilerABI.c -mrelocation-model pic -pic-level 2 -pic-is-pie -mframe-pointer=non-leaf-no-reserve -fmath-errno -ffp-contract=on -fno-rounding-math -mconstructor-aliases -funwind-tables=2 -enable-tlsdesc -target-cpu generic -target-feature +v8a -target-feature +fp-armv8 -target-feature +neon -target-abi aapcs -debugger-tuning=gdb -fdebug-compilation-dir=/home/damus/Projects/dispersion/build/CMakeFiles/CMakeTmp -v -fcoverage-compilation-dir=/home/damus/Projects/dispersion/build/CMakeFiles/CMakeTmp -resource-dir /usr/lib/llvm-22/lib/clang/22 -dependency-file CMakeFiles/cmTC_211e0.dir/CMakeCCompilerABI.c.o.d -MT CMakeFiles/cmTC_211e0.dir/CMakeCCompilerABI.c.o -sys-header-deps -internal-isystem /usr/lib/llvm-22/lib/clang/22/include -internal-isystem /usr/local/include -internal-isystem /usr/lib/gcc/aarch64-linux-gnu/12/../../../../aarch64-linux-gnu/include -internal-externc-isystem /usr/include/aarch64-linux-gnu -internal-externc-isystem /include -internal-externc-isystem /usr/include -ferror-limit 19 -fno-signed-char -fgnuc-version=4.2.1 -fskip-odr-check-in-gmf -target-feature +outline-atomics -target-feature -fmv -faddrsig -fdwarf2-cfi-asm -o CMakeFiles/cmTC_211e0.dir/CMakeCCompilerABI.c.o -x c /usr/share/cmake-3.22/Modules/CMakeCCompilerABI.c
clang -cc1 version 22.1.3 based upon LLVM 22.1.3 default target aarch64-unknown-linux-gnu
ignoring nonexistent directory "/usr/lib/gcc/aarch64-linux-gnu/12/../../../../aarch64-linux-gnu/include"
ignoring nonexistent directory "/include"
#include "..." search starts here:
#include <...> search starts here:
 /usr/lib/llvm-22/lib/clang/22/include
 /usr/local/include
 /usr/include/aarch64-linux-gnu
 /usr/include
End of search list.
Linking C executable cmTC_211e0
/usr/bin/cmake -E cmake_link_script CMakeFiles/cmTC_211e0.dir/link.txt --verbose=1
/usr/bin/clang-22  -v CMakeFiles/cmTC_211e0.dir/CMakeCCompilerABI.c.o -o cmTC_211e0 
clang-22: warning: future releases of the clang compiler will prefer GCC installations containing libstdc++ include directories; '/usr/lib/gcc/aarch64-linux-gnu/11' would be chosen over '/usr/lib/gcc/aarch64-linux-gnu/12' [-Wgcc-install-dir-libstdcxx]
Ubuntu clang version 22.1.3 (++20260331093625+dc9d64aad7a9-1~exp1~20260331093737.59)
Target: aarch64-unknown-linux-gnu
Thread model: posix
InstalledDir: /usr/lib/llvm-22/bin
Found candidate GCC installation: /usr/lib/gcc/aarch64-linux-gnu/11
Found candidate GCC installation: /usr/lib/gcc/aarch64-linux-gnu/12
Selected GCC installation: /usr/lib/gcc/aarch64-linux-gnu/12
Candidate multilib: .;@m64
Selected multilib: .;@m64
Found CUDA installation: /usr/local/cuda, version 12.6
 "/usr/bin/ld" -EL -z relro --hash-style=gnu --build-id --eh-frame-hdr -m aarch64linux -pie -dynamic-linker /lib/ld-linux-aarch64.so.1 -o cmTC_211e0 /lib/aarch64-linux-gnu/Scrt1.o /lib/aarch64-linux-gnu/crti.o /usr/lib/gcc/aarch64-linux-gnu/12/crtbeginS.o -L/usr/lib/gcc/aarch64-linux-gnu/12 -L/lib/aarch64-linux-gnu -L/usr/lib/aarch64-linux-gnu -L/lib -L/usr/lib CMakeFiles/cmTC_211e0.dir/CMakeCCompilerABI.c.o -lgcc --as-needed -lgcc_s --no-as-needed -lc -lgcc --as-needed -lgcc_s --no-as-needed /usr/lib/gcc/aarch64-linux-gnu/12/crtendS.o /lib/aarch64-linux-gnu/crtn.o
gmake[1]: Leaving directory '/home/damus/Projects/dispersion/build/CMakeFiles/CMakeTmp'



Parsed C implicit include dir info from above output: rv=done
  found start of include info
  found start of implicit include info
    add: [/usr/lib/llvm-22/lib/clang/22/include]
    add: [/usr/local/include]
    add: [/usr/include/aarch64-linux-gnu]
    add: [/usr/include]
  end of search list found
  collapse include dir [/usr/lib/llvm-22/lib/clang/22/include] ==> [/usr/lib/llvm-22/lib/clang/22/include]
  collapse include dir [/usr/local/include] ==> [/usr/local/include]
  collapse include dir [/usr/include/aarch64-linux-gnu] ==> [/usr/include/aarch64-linux-gnu]
  collapse include dir [/usr/include] ==> [/usr/include]
  implicit include dirs: [/usr/lib/llvm-22/lib/clang/22/include;/usr/local/include;/usr/include/aarch64-linux-gnu;/usr/include]


Parsed C implicit link information from above output:
  link line regex: [^( *|.*[/\])(ld\.lld-22|CMAKE_LINK_STARTFILE-NOTFOUND|([^/\]+-)?ld|collect2)[^/\]*( |$)]
  ignore line: [Change Dir: /home/damus/Projects/dispersion/build/CMakeFiles/CMakeTmp]
  ignore line: []
  ignore line: [Run Build Command(s):/usr/bin/gmake -f Makefile cmTC_211e0/fast && /usr/bin/gmake  -f CMakeFiles/cmTC_211e0.dir/build.make CMakeFiles/cmTC_211e0.dir/build]
  ignore line: [gmake[1]: Entering directory '/home/damus/Projects/dispersion/build/CMakeFiles/CMakeTmp']
  ignore line: [Building C object CMakeFiles/cmTC_211e0.dir/CMakeCCompilerABI.c.o]
  ignore line: [/usr/bin/clang-22   -v -MD -MT CMakeFiles/cmTC_211e0.dir/CMakeCCompilerABI.c.o -MF CMakeFiles/cmTC_211e0.dir/CMakeCCompilerABI.c.o.d -o CMakeFiles/cmTC_211e0.dir/CMakeCCompilerABI.c.o -c /usr/share/cmake-3.22/Modules/CMakeCCompilerABI.c]
  ignore line: [clang-22: warning: future releases of the clang compiler will prefer GCC installations containing libstdc++ include directories]
  ignore line: [ '/usr/lib/gcc/aarch64-linux-gnu/11' would be chosen over '/usr/lib/gcc/aarch64-linux-gnu/12' [-Wgcc-install-dir-libstdcxx]]
  ignore line: [Ubuntu clang version 22.1.3 (++20260331093625+dc9d64aad7a9-1~exp1~20260331093737.59)]
  ignore line: [Target: aarch64-unknown-linux-gnu]
  ignore line: [Thread model: posix]
  ignore line: [InstalledDir: /usr/lib/llvm-22/bin]
  ignore line: [Found candidate GCC installation: /usr/lib/gcc/aarch64-linux-gnu/11]
  ignore line: [Found candidate GCC installation: /usr/lib/gcc/aarch64-linux-gnu/12]
  ignore line: [Selected GCC installation: /usr/lib/gcc/aarch64-linux-gnu/12]
  ignore line: [Candidate multilib: .]
  ignore line: [@m64]
  ignore line: [Selected multilib: .]
  ignore line: [@m64]
  ignore line: [Found CUDA installation: /usr/local/cuda  version 12.6]
  ignore line: [ (in-process)]
  ignore line: [ "/usr/lib/llvm-22/bin/clang" -cc1 -triple aarch64-unknown-linux-gnu -emit-obj -disable-free -clear-ast-before-backend -disable-llvm-verifier -discard-value-names -main-file-name CMakeCCompilerABI.c -mrelocation-model pic -pic-level 2 -pic-is-pie -mframe-pointer=non-leaf-no-reserve -fmath-errno -ffp-contract=on -fno-rounding-math -mconstructor-aliases -funwind-tables=2 -enable-tlsdesc -target-cpu generic -target-feature +v8a -target-feature +fp-armv8 -target-feature +neon -target-abi aapcs -debugger-tuning=gdb -fdebug-compilation-dir=/home/damus/Projects/dispersion/build/CMakeFiles/CMakeTmp -v -fcoverage-compilation-dir=/home/damus/Projects/dispersion/build/CMakeFiles/CMakeTmp -resource-dir /usr/lib/llvm-22/lib/clang/22 -dependency-file CMakeFiles/cmTC_211e0.dir/CMakeCCompilerABI.c.o.d -MT CMakeFiles/cmTC_211e0.dir/CMakeCCompilerABI.c.o -sys-header-deps -internal-isystem /usr/lib/llvm-22/lib/clang/22/include -internal-isystem /usr/local/include -internal-isystem /usr/lib/gcc/aarch64-linux-gnu/12/../../../../aarch64-linux-gnu/include -internal-externc-isystem /usr/include/aarch64-linux-gnu -internal-externc-isystem /include -internal-externc-isystem /usr/include -ferror-limit 19 -fno-signed-char -fgnuc-version=4.2.1 -fskip-odr-check-in-gmf -target-feature +outline-atomics -target-feature -fmv -faddrsig -fdwarf2-cfi-asm -o CMakeFiles/cmTC_211e0.dir/CMakeCCompilerABI.c.o -x c /usr/share/cmake-3.22/Modules/CMakeCCompilerABI.c]
  ignore line: [clang -cc1 version 22.1.3 based upon LLVM 22.1.3 default target aarch64-unknown-linux-gnu]
  ignore line: [ignoring nonexistent directory "/usr/lib/gcc/aarch64-linux-gnu/12/../../../../aarch64-linux-gnu/include"]
  ignore line: [ignoring nonexistent directory "/include"]
  ignore line: [#include "..." search starts here:]
  ignore line: [#include <...> search starts here:]
  ignore line: [ /usr/lib/llvm-22/lib/clang/22/include]
  ignore line: [ /usr/local/include]
  ignore line: [ /usr/include/aarch64-linux-gnu]
  ignore line: [ /usr/include]
  ignore line: [End of search list.]
  ignore line: [Linking C executable cmTC_211e0]
  ignore line: [/usr/bin/cmake -E cmake_link_script CMakeFiles/cmTC_211e0.dir/link.txt --verbose=1]
  ignore line: [/usr/bin/clang-22  -v CMakeFiles/cmTC_211e0.dir/CMakeCCompilerABI.c.o -o cmTC_211e0 ]
  ignore line: [clang-22: warning: future releases of the clang compiler will prefer GCC installations containing libstdc++ include directories]
  ignore line: [ '/usr/lib/gcc/aarch64-linux-gnu/11' would be chosen over '/usr/lib/gcc/aarch64-linux-gnu/12' [-Wgcc-install-dir-libstdcxx]]
  ignore line: [Ubuntu clang version 22.1.3 (++20260331093625+dc9d64aad7a9-1~exp1~20260331093737.59)]
  ignore line: [Target: aarch64-unknown-linux-gnu]
  ignore line: [Thread model: posix]
  ignore line: [InstalledDir: /usr/lib/llvm-22/bin]
  ignore line: [Found candidate GCC installation: /usr/lib/gcc/aarch64-linux-gnu/11]
  ignore line: [Found candidate GCC installation: /usr/lib/gcc/aarch64-linux-gnu/12]
  ignore line: [Selected GCC installation: /usr/lib/gcc/aarch64-linux-gnu/12]
  ignore line: [Candidate multilib: .]
  ignore line: [@m64]
  ignore line: [Selected multilib: .]
  ignore line: [@m64]
  ignore line: [Found CUDA installation: /usr/local/cuda  version 12.6]
  link line: [ "/usr/bin/ld" -EL -z relro --hash-style=gnu --build-id --eh-frame-hdr -m aarch64linux -pie -dynamic-linker /lib/ld-linux-aarch64.so.1 -o cmTC_211e0 /lib/aarch64-linux-gnu/Scrt1.o /lib/aarch64-linux-gnu/crti.o /usr/lib/gcc/aarch64-linux-gnu/12/crtbeginS.o -L/usr/lib/gcc/aarch64-linux-gnu/12 -L/lib/aarch64-linux-gnu -L/usr/lib/aarch64-linux-gnu -L/lib -L/usr/lib CMakeFiles/cmTC_211e0.dir/CMakeCCompilerABI.c.o -lgcc --as-needed -lgcc_s --no-as-needed -lc -lgcc --as-needed -lgcc_s --no-as-needed /usr/lib/gcc/aarch64-linux-gnu/12/crtendS.o /lib/aarch64-linux-gnu/crtn.o]
    arg [/usr/bin/ld] ==> ignore
    arg [-EL] ==> ignore
    arg [-zrelro] ==> ignore
    arg [--hash-style=gnu] ==> ignore
    arg [--build-id] ==> ignore
    arg [--eh-frame-hdr] ==> ignore
    arg [-m] ==> ignore
    arg [aarch64linux] ==> ignore
    arg [-pie] ==> ignore
    arg [-dynamic-linker] ==> ignore
    arg [/lib/ld-linux-aarch64.so.1] ==> ignore
    arg [-o] ==> ignore
    arg [cmTC_211e0] ==> ignore
    arg [/lib/aarch64-linux-gnu/Scrt1.o] ==> obj [/lib/aarch64-linux-gnu/Scrt1.o]
    arg [/lib/aarch64-linux-gnu/crti.o] ==> obj [/lib/aarch64-linux-gnu/crti.o]
    arg [/usr/lib/gcc/aarch64-linux-gnu/12/crtbeginS.o] ==> obj [/usr/lib/gcc/aarch64-linux-gnu/12/crtbeginS.o]
    arg [-L/usr/lib/gcc/aarch64-linux-gnu/12] ==> dir [/usr/lib/gcc/aarch64-linux-gnu/12]
    arg [-L/lib/aarch64-linux-gnu] ==> dir [/lib/aarch64-linux-gnu]
    arg [-L/usr/lib/aarch64-linux-gnu] ==> dir [/usr/lib/aarch64-linux-gnu]
    arg [-L/lib] ==> dir [/lib]
    arg [-L/usr/lib] ==> dir [/usr/lib]
    arg [CMakeFiles/cmTC_211e0.dir/CMakeCCompilerABI.c.o] ==> ignore
    arg [-lgcc] ==> lib [gcc]
    arg [--as-needed] ==> ignore
    arg [-lgcc_s] ==> lib [gcc_s]
    arg [--no-as-needed] ==> ignore
    arg [-lc] ==> lib [c]
    arg [-lgcc] ==> lib [gcc]
    arg [--as-needed] ==> ignore
    arg [-lgcc_s] ==> lib [gcc_s]
    arg [--no-as-needed] ==> ignore
    arg [/usr/lib/gcc/aarch64-linux-gnu/12/crtendS.o] ==> obj [/usr/lib/gcc/aarch64-linux-gnu/12/crtendS.o]
    arg [/lib/aarch64-linux-gnu/crtn.o] ==> obj [/lib/aarch64-linux-gnu/crtn.o]
  collapse library dir [/usr/lib/gcc/aarch64-linux-gnu/12] ==> [/usr/lib/gcc/aarch64-linux-gnu/12]
  collapse library dir [/lib/aarch64-linux-gnu] ==> [/lib/aarch64-linux-gnu]
  collapse library dir [/usr/lib/aarch64-linux-gnu] ==> [/usr/lib/aarch64-linux-gnu]
  collapse library dir [/lib] ==> [/lib]
  collapse library dir [/usr/lib] ==> [/usr/lib]
  implicit libs: [gcc;gcc_s;c;gcc;gcc_s]
  implicit objs: [/lib/aarch64-linux-gnu/Scrt1.o;/lib/aarch64-linux-gnu/crti.o;/usr/lib/gcc/aarch64-linux-gnu/12/crtbeginS.o;/usr/lib/gcc/aarch64-linux-gnu/12/crtendS.o;/lib/aarch64-linux-gnu/crtn.o]
  implicit dirs: [/usr/lib/gcc/aarch64-linux-gnu/12;/lib/aarch64-linux-gnu;/usr/lib/aarch64-linux-gnu;/lib;/usr/lib]
  implicit fwks: []


