Detecting C OpenMP failed with the following output:
Change Dir: /home/damus/Projects/dispersion/build/CMakeFiles/CMakeTmp

Run Build Command(s):/usr/bin/gmake -f Makefile cmTC_e0af8/fast && /usr/bin/gmake  -f CMakeFiles/cmTC_e0af8.dir/build.make CMakeFiles/cmTC_e0af8.dir/build
gmake[1]: Entering directory '/home/damus/Projects/dispersion/build/CMakeFiles/CMakeTmp'
Building C object CMakeFiles/cmTC_e0af8.dir/OpenMPTryFlag.c.o
/usr/bin/clang-22   -fopenmp=libomp -v -std=gnu11 -MD -MT CMakeFiles/cmTC_e0af8.dir/OpenMPTryFlag.c.o -MF CMakeFiles/cmTC_e0af8.dir/OpenMPTryFlag.c.o.d -o CMakeFiles/cmTC_e0af8.dir/OpenMPTryFlag.c.o -c /home/damus/Projects/dispersion/build/CMakeFiles/FindOpenMP/OpenMPTryFlag.c
clang-22: warning: future releases of the clang compiler will prefer GCC installations containing libstdc++ include directories; '/usr/lib/gcc/aarch64-linux-gnu/11' would be chosen over '/usr/lib/gcc/aarch64-linux-gnu/12' [-Wgcc-install-dir-libstdcxx]
Ubuntu clang version 22.1.3 (++20260331093625+dc9d64aad7a9-1~exp1~20260331093737.59)
Target: aarch64-unknown-linux-gnu
Thread model: posix
InstalledDir: /usr/lib/llvm-22/bin
Found candidate GCC installation: /usr/lib/gcc/aarch64-linux-gnu/11
Found candidate GCC installation: /usr/lib/gcc/aarch64-linux-gnu/12
Selected GCC installation: /usr/lib/gcc/aarch64-linux-gnu/12
Candidate multilib: .;@m64
Selected multilib: .;@m64
Found CUDA installation: /usr/local/cuda, version 12.6
 (in-process)
 "/usr/lib/llvm-22/bin/clang" -cc1 -triple aarch64-unknown-linux-gnu -emit-obj -disable-free -clear-ast-before-backend -disable-llvm-verifier -discard-value-names -main-file-name OpenMPTryFlag.c -mrelocation-model pic -pic-level 2 -pic-is-pie -mframe-pointer=non-leaf-no-reserve -fmath-errno -ffp-contract=on -fno-rounding-math -mconstructor-aliases -funwind-tables=2 -enable-tlsdesc -target-cpu generic -target-feature +v8a -target-feature +fp-armv8 -target-feature +neon -target-abi aapcs -debugger-tuning=gdb -fdebug-compilation-dir=/home/damus/Projects/dispersion/build/CMakeFiles/CMakeTmp -v -fcoverage-compilation-dir=/home/damus/Projects/dispersion/build/CMakeFiles/CMakeTmp -resource-dir /usr/lib/llvm-22/lib/clang/22 -dependency-file CMakeFiles/cmTC_e0af8.dir/OpenMPTryFlag.c.o.d -MT CMakeFiles/cmTC_e0af8.dir/OpenMPTryFlag.c.o -sys-header-deps -internal-isystem /usr/lib/llvm-22/lib/clang/22/include -internal-isystem /usr/local/include -internal-isystem /usr/lib/gcc/aarch64-linux-gnu/12/../../../../aarch64-linux-gnu/include -internal-externc-isystem /usr/include/aarch64-linux-gnu -internal-externc-isystem /include -internal-externc-isystem /usr/include -std=gnu11 -ferror-limit 19 -fopenmp -fno-signed-char -fgnuc-version=4.2.1 -fskip-odr-check-in-gmf -target-feature +outline-atomics -target-feature -fmv -faddrsig -fdwarf2-cfi-asm -o CMakeFiles/cmTC_e0af8.dir/OpenMPTryFlag.c.o -x c /home/damus/Projects/dispersion/build/CMakeFiles/FindOpenMP/OpenMPTryFlag.c
clang -cc1 version 22.1.3 based upon LLVM 22.1.3 default target aarch64-unknown-linux-gnu
ignoring nonexistent directory "/usr/lib/gcc/aarch64-linux-gnu/12/../../../../aarch64-linux-gnu/include"
ignoring nonexistent directory "/include"
#include "..." search starts here:
#include <...> search starts here:
 /usr/lib/llvm-22/lib/clang/22/include
 /usr/local/include
 /usr/include/aarch64-linux-gnu
 /usr/include
End of search list.
/home/damus/Projects/dispersion/build/CMakeFiles/FindOpenMP/OpenMPTryFlag.c:2:10: fatal error: 'omp.h' file not found
    2 | #include <omp.h>
      |          ^~~~~~~
1 error generated.
gmake[1]: *** [CMakeFiles/cmTC_e0af8.dir/build.make:79: CMakeFiles/cmTC_e0af8.dir/OpenMPTryFlag.c.o] Error 1
gmake[1]: Leaving directory '/home/damus/Projects/dispersion/build/CMakeFiles/CMakeTmp'
gmake: *** [Makefile:127: cmTC_e0af8/fast] Error 2



Detecting C OpenMP failed with the following output:
Change Dir: /home/damus/Projects/dispersion/build/CMakeFiles/CMakeTmp

Run Build Command(s):/usr/bin/gmake -f Makefile cmTC_700a7/fast && /usr/bin/gmake  -f CMakeFiles/cmTC_700a7.dir/build.make CMakeFiles/cmTC_700a7.dir/build
gmake[1]: Entering directory '/home/damus/Projects/dispersion/build/CMakeFiles/CMakeTmp'
Building C object CMakeFiles/cmTC_700a7.dir/OpenMPTryFlag.c.o
/usr/bin/clang-22   -fopenmp=libiomp5 -v -std=gnu11 -MD -MT CMakeFiles/cmTC_700a7.dir/OpenMPTryFlag.c.o -MF CMakeFiles/cmTC_700a7.dir/OpenMPTryFlag.c.o.d -o CMakeFiles/cmTC_700a7.dir/OpenMPTryFlag.c.o -c /home/damus/Projects/dispersion/build/CMakeFiles/FindOpenMP/OpenMPTryFlag.c
clang-22: warning: future releases of the clang compiler will prefer GCC installations containing libstdc++ include directories; '/usr/lib/gcc/aarch64-linux-gnu/11' would be chosen over '/usr/lib/gcc/aarch64-linux-gnu/12' [-Wgcc-install-dir-libstdcxx]
Ubuntu clang version 22.1.3 (++20260331093625+dc9d64aad7a9-1~exp1~20260331093737.59)
Target: aarch64-unknown-linux-gnu
Thread model: posix
InstalledDir: /usr/lib/llvm-22/bin
Found candidate GCC installation: /usr/lib/gcc/aarch64-linux-gnu/11
Found candidate GCC installation: /usr/lib/gcc/aarch64-linux-gnu/12
Selected GCC installation: /usr/lib/gcc/aarch64-linux-gnu/12
Candidate multilib: .;@m64
Selected multilib: .;@m64
Found CUDA installation: /usr/local/cuda, version 12.6
 (in-process)
 "/usr/lib/llvm-22/bin/clang" -cc1 -triple aarch64-unknown-linux-gnu -emit-obj -disable-free -clear-ast-before-backend -disable-llvm-verifier -discard-value-names -main-file-name OpenMPTryFlag.c -mrelocation-model pic -pic-level 2 -pic-is-pie -mframe-pointer=non-leaf-no-reserve -fmath-errno -ffp-contract=on -fno-rounding-math -mconstructor-aliases -funwind-tables=2 -enable-tlsdesc -target-cpu generic -target-feature +v8a -target-feature +fp-armv8 -target-feature +neon -target-abi aapcs -debugger-tuning=gdb -fdebug-compilation-dir=/home/damus/Projects/dispersion/build/CMakeFiles/CMakeTmp -v -fcoverage-compilation-dir=/home/damus/Projects/dispersion/build/CMakeFiles/CMakeTmp -resource-dir /usr/lib/llvm-22/lib/clang/22 -dependency-file CMakeFiles/cmTC_700a7.dir/OpenMPTryFlag.c.o.d -MT CMakeFiles/cmTC_700a7.dir/OpenMPTryFlag.c.o -sys-header-deps -internal-isystem /usr/lib/llvm-22/lib/clang/22/include -internal-isystem /usr/local/include -internal-isystem /usr/lib/gcc/aarch64-linux-gnu/12/../../../../aarch64-linux-gnu/include -internal-externc-isystem /usr/include/aarch64-linux-gnu -internal-externc-isystem /include -internal-externc-isystem /usr/include -std=gnu11 -ferror-limit 19 -fopenmp -fno-signed-char -fgnuc-version=4.2.1 -fskip-odr-check-in-gmf -target-feature +outline-atomics -target-feature -fmv -faddrsig -fdwarf2-cfi-asm -o CMakeFiles/cmTC_700a7.dir/OpenMPTryFlag.c.o -x c /home/damus/Projects/dispersion/build/CMakeFiles/FindOpenMP/OpenMPTryFlag.c
clang -cc1 version 22.1.3 based upon LLVM 22.1.3 default target aarch64-unknown-linux-gnu
ignoring nonexistent directory "/usr/lib/gcc/aarch64-linux-gnu/12/../../../../aarch64-linux-gnu/include"
ignoring nonexistent directory "/include"
#include "..." search starts here:
#include <...> search starts here:
 /usr/lib/llvm-22/lib/clang/22/include
 /usr/local/include
 /usr/include/aarch64-linux-gnu
 /usr/include
End of search list.
/home/damus/Projects/dispersion/build/CMakeFiles/FindOpenMP/OpenMPTryFlag.c:2:10: fatal error: 'omp.h' file not found
    2 | #include <omp.h>
      |          ^~~~~~~
1 error generated.
gmake[1]: *** [CMakeFiles/cmTC_700a7.dir/build.make:79: CMakeFiles/cmTC_700a7.dir/OpenMPTryFlag.c.o] Error 1
gmake[1]: Leaving directory '/home/damus/Projects/dispersion/build/CMakeFiles/CMakeTmp'
gmake: *** [Makefile:127: cmTC_700a7/fast] Error 2



Detecting C OpenMP failed with the following output:
Change Dir: /home/damus/Projects/dispersion/build/CMakeFiles/CMakeTmp

Run Build Command(s):/usr/bin/gmake -f Makefile cmTC_a141c/fast && /usr/bin/gmake  -f CMakeFiles/cmTC_a141c.dir/build.make CMakeFiles/cmTC_a141c.dir/build
gmake[1]: Entering directory '/home/damus/Projects/dispersion/build/CMakeFiles/CMakeTmp'
Building C object CMakeFiles/cmTC_a141c.dir/OpenMPTryFlag.c.o
/usr/bin/clang-22   -fopenmp -v -std=gnu11 -MD -MT CMakeFiles/cmTC_a141c.dir/OpenMPTryFlag.c.o -MF CMakeFiles/cmTC_a141c.dir/OpenMPTryFlag.c.o.d -o CMakeFiles/cmTC_a141c.dir/OpenMPTryFlag.c.o -c /home/damus/Projects/dispersion/build/CMakeFiles/FindOpenMP/OpenMPTryFlag.c
clang-22: warning: future releases of the clang compiler will prefer GCC installations containing libstdc++ include directories; '/usr/lib/gcc/aarch64-linux-gnu/11' would be chosen over '/usr/lib/gcc/aarch64-linux-gnu/12' [-Wgcc-install-dir-libstdcxx]
Ubuntu clang version 22.1.3 (++20260331093625+dc9d64aad7a9-1~exp1~20260331093737.59)
Target: aarch64-unknown-linux-gnu
Thread model: posix
InstalledDir: /usr/lib/llvm-22/bin
Found candidate GCC installation: /usr/lib/gcc/aarch64-linux-gnu/11
Found candidate GCC installation: /usr/lib/gcc/aarch64-linux-gnu/12
Selected GCC installation: /usr/lib/gcc/aarch64-linux-gnu/12
Candidate multilib: .;@m64
Selected multilib: .;@m64
Found CUDA installation: /usr/local/cuda, version 12.6
 (in-process)
 "/usr/lib/llvm-22/bin/clang" -cc1 -triple aarch64-unknown-linux-gnu -emit-obj -disable-free -clear-ast-before-backend -disable-llvm-verifier -discard-value-names -main-file-name OpenMPTryFlag.c -mrelocation-model pic -pic-level 2 -pic-is-pie -mframe-pointer=non-leaf-no-reserve -fmath-errno -ffp-contract=on -fno-rounding-math -mconstructor-aliases -funwind-tables=2 -enable-tlsdesc -target-cpu generic -target-feature +v8a -target-feature +fp-armv8 -target-feature +neon -target-abi aapcs -debugger-tuning=gdb -fdebug-compilation-dir=/home/damus/Projects/dispersion/build/CMakeFiles/CMakeTmp -v -fcoverage-compilation-dir=/home/damus/Projects/dispersion/build/CMakeFiles/CMakeTmp -resource-dir /usr/lib/llvm-22/lib/clang/22 -dependency-file CMakeFiles/cmTC_a141c.dir/OpenMPTryFlag.c.o.d -MT CMakeFiles/cmTC_a141c.dir/OpenMPTryFlag.c.o -sys-header-deps -internal-isystem /usr/lib/llvm-22/lib/clang/22/include -internal-isystem /usr/local/include -internal-isystem /usr/lib/gcc/aarch64-linux-gnu/12/../../../../aarch64-linux-gnu/include -internal-externc-isystem /usr/include/aarch64-linux-gnu -internal-externc-isystem /include -internal-externc-isystem /usr/include -std=gnu11 -ferror-limit 19 -fopenmp -fno-signed-char -fgnuc-version=4.2.1 -fskip-odr-check-in-gmf -target-feature +outline-atomics -target-feature -fmv -faddrsig -fdwarf2-cfi-asm -o CMakeFiles/cmTC_a141c.dir/OpenMPTryFlag.c.o -x c /home/damus/Projects/dispersion/build/CMakeFiles/FindOpenMP/OpenMPTryFlag.c
clang -cc1 version 22.1.3 based upon LLVM 22.1.3 default target aarch64-unknown-linux-gnu
ignoring nonexistent directory "/usr/lib/gcc/aarch64-linux-gnu/12/../../../../aarch64-linux-gnu/include"
ignoring nonexistent directory "/include"
#include "..." search starts here:
#include <...> search starts here:
 /usr/lib/llvm-22/lib/clang/22/include
 /usr/local/include
 /usr/include/aarch64-linux-gnu
 /usr/include
End of search list.
/home/damus/Projects/dispersion/build/CMakeFiles/FindOpenMP/OpenMPTryFlag.c:2:10: fatal error: 'omp.h' file not found
    2 | #include <omp.h>
      |          ^~~~~~~
1 error generated.
gmake[1]: *** [CMakeFiles/cmTC_a141c.dir/build.make:79: CMakeFiles/cmTC_a141c.dir/OpenMPTryFlag.c.o] Error 1
gmake[1]: Leaving directory '/home/damus/Projects/dispersion/build/CMakeFiles/CMakeTmp'
gmake: *** [Makefile:127: cmTC_a141c/fast] Error 2



Detecting C OpenMP failed with the following output:
Change Dir: /home/damus/Projects/dispersion/build/CMakeFiles/CMakeTmp

Run Build Command(s):/usr/bin/gmake -f Makefile cmTC_bce75/fast && /usr/bin/gmake  -f CMakeFiles/cmTC_bce75.dir/build.make CMakeFiles/cmTC_bce75.dir/build
gmake[1]: Entering directory '/home/damus/Projects/dispersion/build/CMakeFiles/CMakeTmp'
Building C object CMakeFiles/cmTC_bce75.dir/OpenMPTryFlag.c.o
/usr/bin/clang-22   -Xclang -fopenmp -v -std=gnu11 -MD -MT CMakeFiles/cmTC_bce75.dir/OpenMPTryFlag.c.o -MF CMakeFiles/cmTC_bce75.dir/OpenMPTryFlag.c.o.d -o CMakeFiles/cmTC_bce75.dir/OpenMPTryFlag.c.o -c /home/damus/Projects/dispersion/build/CMakeFiles/FindOpenMP/OpenMPTryFlag.c
clang-22: warning: future releases of the clang compiler will prefer GCC installations containing libstdc++ include directories; '/usr/lib/gcc/aarch64-linux-gnu/11' would be chosen over '/usr/lib/gcc/aarch64-linux-gnu/12' [-Wgcc-install-dir-libstdcxx]
Ubuntu clang version 22.1.3 (++20260331093625+dc9d64aad7a9-1~exp1~20260331093737.59)
Target: aarch64-unknown-linux-gnu
Thread model: posix
InstalledDir: /usr/lib/llvm-22/bin
Found candidate GCC installation: /usr/lib/gcc/aarch64-linux-gnu/11
Found candidate GCC installation: /usr/lib/gcc/aarch64-linux-gnu/12
Selected GCC installation: /usr/lib/gcc/aarch64-linux-gnu/12
Candidate multilib: .;@m64
Selected multilib: .;@m64
Found CUDA installation: /usr/local/cuda, version 12.6
 (in-process)
 "/usr/lib/llvm-22/bin/clang" -cc1 -triple aarch64-unknown-linux-gnu -emit-obj -disable-free -clear-ast-before-backend -disable-llvm-verifier -discard-value-names -main-file-name OpenMPTryFlag.c -mrelocation-model pic -pic-level 2 -pic-is-pie -mframe-pointer=non-leaf-no-reserve -fmath-errno -ffp-contract=on -fno-rounding-math -mconstructor-aliases -funwind-tables=2 -enable-tlsdesc -target-cpu generic -target-feature +v8a -target-feature +fp-armv8 -target-feature +neon -target-abi aapcs -debugger-tuning=gdb -fdebug-compilation-dir=/home/damus/Projects/dispersion/build/CMakeFiles/CMakeTmp -v -fcoverage-compilation-dir=/home/damus/Projects/dispersion/build/CMakeFiles/CMakeTmp -resource-dir /usr/lib/llvm-22/lib/clang/22 -dependency-file CMakeFiles/cmTC_bce75.dir/OpenMPTryFlag.c.o.d -MT CMakeFiles/cmTC_bce75.dir/OpenMPTryFlag.c.o -sys-header-deps -internal-isystem /usr/lib/llvm-22/lib/clang/22/include -internal-isystem /usr/local/include -internal-isystem /usr/lib/gcc/aarch64-linux-gnu/12/../../../../aarch64-linux-gnu/include -internal-externc-isystem /usr/include/aarch64-linux-gnu -internal-externc-isystem /include -internal-externc-isystem /usr/include -std=gnu11 -ferror-limit 19 -fno-signed-char -fgnuc-version=4.2.1 -fskip-odr-check-in-gmf -fopenmp -target-feature +outline-atomics -target-feature -fmv -faddrsig -fdwarf2-cfi-asm -o CMakeFiles/cmTC_bce75.dir/OpenMPTryFlag.c.o -x c /home/damus/Projects/dispersion/build/CMakeFiles/FindOpenMP/OpenMPTryFlag.c
clang -cc1 version 22.1.3 based upon LLVM 22.1.3 default target aarch64-unknown-linux-gnu
ignoring nonexistent directory "/usr/lib/gcc/aarch64-linux-gnu/12/../../../../aarch64-linux-gnu/include"
ignoring nonexistent directory "/include"
#include "..." search starts here:
#include <...> search starts here:
 /usr/lib/llvm-22/lib/clang/22/include
 /usr/local/include
 /usr/include/aarch64-linux-gnu
 /usr/include
End of search list.
/home/damus/Projects/dispersion/build/CMakeFiles/FindOpenMP/OpenMPTryFlag.c:2:10: fatal error: 'omp.h' file not found
    2 | #include <omp.h>
      |          ^~~~~~~
1 error generated.
gmake[1]: *** [CMakeFiles/cmTC_bce75.dir/build.make:79: CMakeFiles/cmTC_bce75.dir/OpenMPTryFlag.c.o] Error 1
gmake[1]: Leaving directory '/home/damus/Projects/dispersion/build/CMakeFiles/CMakeTmp'
gmake: *** [Makefile:127: cmTC_bce75/fast] Error 2



